<?xml version="1.0" encoding="utf-8"?>
<unattend xmlns:wcm="http://schemas.microsoft.com/WMIConfig/2002/State" xmlns:xsi="http://www.w3.org/2001/XMLSchema-instance" xmlns="urn:schemas-microsoft-com:unattend">
  <settings pass="windowsPE">
    <component name="Microsoft-Windows-International-Core-WinPE" processorArchitecture="amd64" publicKeyToken="31bf3856ad364e35" language="neutral" versionScope="nonSxS">
      <InputLocale>en-US</InputLocale>
      <SystemLocale>en-US</SystemLocale>
      <UILanguage>en-US</UILanguage>
      <UserLocale>en-US</UserLocale>
    </component>
    <component name="Microsoft-Windows-Setup" processorArchitecture="amd64" publicKeyToken="31bf3856ad364e35" language="neutral" versionScope="nonSxS">
      <ImageInstall>
        <OSImage>
          <InstallTo>
            <DiskID>0</DiskID>
            <PartitionID>5</PartitionID>
          </InstallTo>
        </OSImage>
      </ImageInstall>
      <DiskConfiguration>
        <Disk wcm:action="add">
          <DiskID>0</DiskID>
          <WillWipeDisk>true</WillWipeDisk>
          <CreatePartitions>
            <CreatePartition wcm:action="add">
              <Order>1</Order>
              <Size>350</Size>
              <Type>Primary</Type>
            </CreatePartition>
            <CreatePartition wcm:action="add">
              <Order>2</Order>
              <Size>100</Size>
              <Type>EFI</Type>
            </CreatePartition>
            <CreatePartition wcm:action="add">
              <Order>3</Order>
              <Size>128</Size>
              <Type>MSR</Type>
            </CreatePartition>
            <CreatePartition wcm:action="add">
              <Order>4</Order>
              <Size>65536</Size>
              <Type>Primary</Type>
            </CreatePartition>
            <CreatePartition wcm:action="add">
              <Order>5</Order>
              <Type>Primary</Type>
              <Extend>true</Extend>
            </CreatePartition>
          </CreatePartitions>
          <ModifyPartitions>
            <ModifyPartition wcm:action="add">
              <Order>1</Order>
              <PartitionId>1</PartitionId>
              <Format>NTFS</Format>
              <Label>WinRE</Label>
              <TypeID>de94bba4-06d1-4d40-a16a-bfd50179d6ac</TypeID>
            </ModifyPartition>
            <ModifyPartition wcm:action="add">
              <Order>2</Order>
              <PartitionId>2</PartitionId>
              <Format>FAT32</Format>
              <Label>System</Label>
            </ModifyPartition>
            <ModifyPartition wcm:action="add">
              <Order>3</Order>
              <PartitionId>3</PartitionId>
            </ModifyPartition>
            <ModifyPartition wcm:action="add">
              <Order>4</Order>
              <PartitionId>4</PartitionId>
              <Format>NTFS</Format>
              <Label>Windows</Label>
              <Letter>C</Letter>
            </ModifyPartition>
            <ModifyPartition wcm:action="add">
              <Order>5</Order>
              <PartitionId>5</PartitionId>
              <Format>FAT32</Format>
              <Label>Data</Label>
              <Letter>D</Letter>
            </ModifyPartition>
          </ModifyPartitions>
        </Disk>
      </DiskConfiguration>
      <UserData>
        <AcceptEula>true</AcceptEula>
        <FullName />
        <Organization />
        <ProductKey>
          <Key>ABCDE-12345-ABCDE-12345-ABCDE</Key>
        </ProductKey>
      </UserData>
    </component>
  </settings>
  <settings pass="specialize">
    <component name="Microsoft-Windows-International-Core" processorArchitecture="amd64" publicKeyToken="31bf3856ad364e35" language="neutral" versionScope="nonSxS">
      <InputLocale>en-US</InputLocale>
      <SystemLocale>en-US</SystemLocale>
      <UILanguage>en-US</UILanguage>
      <UserLocale>en-US</UserLocale>
    </component>
    <component name="Microsoft-Windows-Shell-Setup" processorArchitecture="amd64" publicKeyToken="31bf3856ad364e35" language="neutral" versionScope="nonSxS">
      <ProductKey>ABCDE-12345-ABCDE-12345-ABCDE</ProductKey>
    </component>
  </settings>
  <settings pass="oobeSystem">
    <component name="Microsoft-Windows-International-Core" processorArchitecture="amd64" publicKeyToken="31bf3856ad364e35" language="neutral" versionScope="nonSxS">
      <InputLocale>en-US</InputLocale>
      <SystemLocale>en-US</SystemLocale>
      <UILanguage>en-US</UILanguage>
      <UserLocale>en-US</UserLocale>
    </component>
    <component name="Microsoft-Windows-Shell-Setup" processorArchitecture="amd64" publicKeyToken="31bf3856ad364e35" language="neutral" versionScope="nonSxS">
      <UserAccounts>
        <LocalAccounts>
          <LocalAccount wcm:action="add">
            <Password>
              <Value>UABhAHMAcwB3AG8AcgBkAFAAYQBzAHMAdwBvAHIAZAA=</Value>
              <PlainText>false</PlainText>
            </Password>
            <Description>MyUser</Description>
            <DisplayName>MyUser</DisplayName>
            <Group>Administrators</Group>
            <Name>MyUser</Name>
          </LocalAccount>
        </LocalAccounts>
      </UserAccounts>
      <OOBE>
        <ProtectYourPC>1</ProtectYourPC>
        <HideEULAPage>true</HideEULAPage>
        <HideLocalAccountScreen>true</HideLocalAccountScreen>
        <HideOEMRegistrationScreen>true</HideOEMRegistrationScreen>
        <HideOnlineAccountScreens>true</HideOnlineAccountScreens>
        <HideWirelessSetupInOOBE>true</HideWirelessSetupInOOBE>
      </OOBE>
      <TimeZone>Pacific Standard Time</TimeZone>
      <FirstLogonCommands />
    </component>
  </settings>
</unattend>