<?xml version="1.0" encoding="utf-8"?>
<unattend xmlns:wcm="http://schemas.microsoft.com/WMIConfig/2002/State" xmlns:xsi="http://www.w3.org/2001/XMLSchema-instance" xmlns="urn:schemas-microsoft-com:unattend">
  <settings pass="windowsPE">
    <component name="Microsoft-Windows-International-Core-WinPE" processorArchitecture="x86" publicKeyToken="31bf3856ad364e35" language="neutral" versionScope="nonSxS">
      <InputLocale>en-US</InputLocale>
      <SystemLocale>en-US</SystemLocale>
      <UILanguage>en-US</UILanguage>
      <UserLocale>en-US</UserLocale>
    </component>
    <component name="Microsoft-Windows-Setup" processorArchitecture="x86" publicKeyToken="31bf3856ad364e35" language="neutral" versionScope="nonSxS">
      <ImageInstall>
        <OSImage>
          <InstallFrom>
            <MetaData wcm:action="add">
              <Key>/IMAGE/INDEX</Key>
              <Value>2</Value>
            </MetaData>
          </InstallFrom>
          <InstallTo>
            <DiskID>1</DiskID>
            <PartitionID>2</PartitionID>
          </InstallTo>
        </OSImage>
      </ImageInstall>
      <DiskConfiguration>
        <Disk wcm:action="add">
          <DiskID>1</DiskID>
          <WillWipeDisk>true</WillWipeDisk>
          <CreatePartitions>
            <CreatePartition wcm:action="add">
              <Order>1</Order>
              <Size>100</Size>
              <Type>Primary</Type>
            </CreatePartition>
            <CreatePartition wcm:action="add">
              <Order>2</Order>
              <Type>Primary</Type>
              <Extend>true</Extend>
            </CreatePartition>
          </CreatePartitions>
          <ModifyPartitions>
            <ModifyPartition wcm:action="add">
              <Order>1</Order>
              <PartitionId>1</PartitionId>
              <Format>NTFS</Format>
              <Label>System</Label>
              <Active>true</Active>
            </ModifyPartition>
            <ModifyPartition wcm:action="add">
              <Order>2</Order>
              <PartitionId>2</PartitionId>
              <Format>NTFS</Format>
              <Label>Windows</Label>
              <Letter>C</Letter>
            </ModifyPartition>
          </ModifyPartitions>
        </Disk>
      </DiskConfiguration>
      <UserData>
        <AcceptEula>true</AcceptEula>
        <FullName />
        <Organization />
        <ProductKey>
          <Key>ABCDE-12345-ABCDE-12345-ABCDE</Key>
        </ProductKey>
      </UserData>
    </component>
  </settings>
  <settings pass="specialize">
    <component name="Microsoft-Windows-International-Core" processorArchitecture="x86" publicKeyToken="31bf3856ad364e35" language="neutral" versionScope="nonSxS">
      <InputLocale>en-US</InputLocale>
      <SystemLocale>en-US</SystemLocale>
      <UILanguage>en-US</UILanguage>
      <UserLocale>en-US</UserLocale>
    </component>
    <component name="Microsoft-Windows-Shell-Setup" processorArchitecture="x86" publicKeyToken="31bf3856ad364e35" language="neutral" versionScope="nonSxS">
      <ProductKey>ABCDE-12345-ABCDE-12345-ABCDE</ProductKey>
    </component>
    <component name="Security-Malware-Windows-Defender" processorArchitecture="x86" publicKeyToken="31bf3856ad364e35" language="neutral" versionScope="nonSxS">
      <DisableAntiSpyware>true</DisableAntiSpyware>
    </component>
  </settings>
  <settings pass="oobeSystem">
    <component name="Microsoft-Windows-International-Core" processorArchitecture="x86" publicKeyToken="31bf3856ad364e35" language="neutral" versionScope="nonSxS">
      <InputLocale>en-US</InputLocale>
      <SystemLocale>en-US</SystemLocale>
      <UILanguage>en-US</UILanguage>
      <UserLocale>en-US</UserLocale>
    </component>
    <component name="Microsoft-Windows-Shell-Setup" processorArchitecture="x86" publicKeyToken="31bf3856ad364e35" language="neutral" versionScope="nonSxS">
      <UserAccounts>
        <LocalAccounts>
          <LocalAccount wcm:action="add">
            <Password>
              <Value>UABhAHMAcwB3AG8AcgBkAFAAYQBzAHMAdwBvAHIAZAA=</Value>
              <PlainText>false</PlainText>
            </Password>
            <Description>MyUser</Description>
            <DisplayName>MyUser</DisplayName>
            <Group>Administrators</Group>
            <Name>MyUser</Name>
          </LocalAccount>
        </LocalAccounts>
      </UserAccounts>
      <OOBE>
        <ProtectYourPC>1</ProtectYourPC>
        <HideEULAPage>true</HideEULAPage>
        <HideLocalAccountScreen>true</HideLocalAccountScreen>
        <HideOEMRegistrationScreen>true</HideOEMRegistrationScreen>
        <HideOnlineAccountScreens>true</HideOnlineAccountScreens>
        <HideWirelessSetupInOOBE>true</HideWirelessSetupInOOBE>
      </OOBE>
      <TimeZone>Pacific Standard Time</TimeZone>
      <FirstLogonCommands />
    </component>
  </settings>
</unattend>